usage: llm_matrix_tool.py [-h] [--model MODELS] [--models-file MODELS_FILE]
                          [--failures-only] [--source-log SOURCE_LOG]
                          [--limit LIMIT] [--min-context MIN_CONTEXT]
                          [--max-context MAX_CONTEXT]
                          [--probe-timeout PROBE_TIMEOUT]
                          [--remote-timeout REMOTE_TIMEOUT] [--optimize]
                          [--optimize-only]

Run the LM Studio model matrix and optionally rerun failures or optimize
working models.

options:
  -h, --help            show this help message and exit
  --model MODELS        Model ref to test; repeatable.
  --models-file MODELS_FILE
                        JSON sidecar describing selected models and run
                        options.
  --failures-only       Select only failing models from a prior run log.
  --source-log SOURCE_LOG
                        Prior matrix log to mine for failures.
  --limit LIMIT         Limit the selected model list to the first N entries.
  --min-context MIN_CONTEXT
                        Lowest context to try when ratcheting.
  --max-context MAX_CONTEXT
                        Highest context to try when ratcheting or optimizing.
  --probe-timeout PROBE_TIMEOUT
                        Timeout seconds for each opencode probe.
  --remote-timeout REMOTE_TIMEOUT
                        Timeout seconds for each remote lms command.
  --optimize            Run optimize_llm_performance after a model
                        successfully probes.
  --optimize-only       Skip first-pass matrix run and run only
                        optimize_llm_performance on the selected models.
