## Morning Brief — DATE

### URGENT (1 items)
- [ ] **WORK-9999** (high) — Work task blocked [deploytool] — **due in 6 day(s) (medium effort, 14d lead)**

### personal (1 active, 0 stale)

#### New (created in last 3 days, still todo)
- [ ] **DIL-1001** (high) — Test task active todo [dil]

### Summary
Urgent: 1 (0 carried) | Lead times: low=3d med=14d high=30d

---


