+--------------+---------------+---------------+------------+
| table_name   | column_name   | column_type   | nullable   |
+==============+===============+===============+============+
| people       | name          | VARCHAR       | YES        |
+--------------+---------------+---------------+------------+
| people       | age           | VARCHAR       | YES        |
+--------------+---------------+---------------+------------+
| people       | city          | VARCHAR       | YES        |
+--------------+---------------+---------------+------------+
