+-------------+-----------+-----------------+
| handle      | role      | sourceTweetId   |
+=============+===========+=================+
| @BillAckman | mentioned | t100            |
+-------------+-----------+-----------------+
| @zigmoo     | quoted    | t100            |
+-------------+-----------+-----------------+
| @zigmoo     | author    | t100            |
+-------------+-----------+-----------------+
