+-------------+-----------+-----------+
| handle      | role      | tweetId   |
+=============+===========+===========+
| @BillAckman | author    | t200      |
+-------------+-----------+-----------+
| @BillAckman | mentioned | t300      |
+-------------+-----------+-----------+
| @ctatedev   | author    | t400      |
+-------------+-----------+-----------+
| @zigmoo     | author    | t100      |
+-------------+-----------+-----------+
| @zigmoo     | quoted    | t300      |
+-------------+-----------+-----------+
