OK | DIL-2001 | benchmarking | <TMP>/dil_builtin/_shared/research/benchmarking/DIL-2001-benchmark-DATET100001Z-built-in-benchmark.md
OK | DIL-2002 | execution-notes | <TMP>/dil_builtin/_shared/research/execution-notes/DIL-2002-execution-DATET100002Z-built-in-execution.md
OK | DIL-2003 | conclusions | <TMP>/dil_builtin/_shared/research/conclusions/DIL-2003-conclusion-DATET100003Z-built-in-conclusion.md
OK | DIL-2004 | ideas | <TMP>/dil_builtin/_shared/research/ideas/DIL-2004-idea-DATET100004Z-built-in-idea.md
OK | DIL-2005 | comparisons | <TMP>/dil_builtin/_shared/research/comparisons/DIL-2005-comparison-DATET100005Z-built-in-comparison.md
OK | DIL-2006 | prompts | <TMP>/dil_builtin/_shared/research/prompts/DIL-2006-prompt-DATET100006Z-built-in-prompt.md
OK | DIL-2007 | errata | <TMP>/dil_builtin/_shared/research/errata/DIL-2007-correction-DATET100007Z-built-in-correction.md
artifact_count=7
index_rows=7
