OK | write | TIMESTAMP-05:00 | codex@framemoowork | entries:1
OK | write | TIMESTAMP-05:00 | opencode@framemoowork | entries:2
OK | write | TIMESTAMP-05:00 | opencode@framemoowork | entries:3
--- LATEST ---
## Gamma

# Gamma

Gamma content.
--- N=1 ---
## Beta

# Beta

Beta content.
--- N=2 ---
## Alpha

# Alpha

Alpha content.
